
Aspire@Acer MINGW64 ~
$ vagrant --version
Vagrant 1.9.2

Aspire@Acer MINGW64 ~
$ cd "E:\Working\Ubuntu\Ubuntu-14-64-Bit\Vagrantfile"

Aspire@Acer MINGW64 /e/Working/Ubuntu/Ubuntu-14-64-Bit/Vagrantfile
$ vagrant up
Bringing machine 'default' up with 'virtualbox' provider...
==> default: Box 'ubuntu/trusty64' could not be found. Attempting to find and install...
    default: Box Provider: virtualbox
    default: Box Version: >= 0
==> default: Loading metadata for box 'ubuntu/trusty64'
    default: URL: https://atlas.hashicorp.com/ubuntu/trusty64
==> default: Adding box 'ubuntu/trusty64' (v20170505.0.0) for provider: virtualbox
    default: Downloading: https://atlas.hashicorp.com/ubuntu/boxes/trusty64/versions/20170505.0.0/providers/virtualbox.box
    default:
==> default: Successfully added box 'ubuntu/trusty64' (v20170505.0.0) for 'virtualbox'!
==> default: Importing base box 'ubuntu/trusty64'...
==> default: Matching MAC address for NAT networking...
==> default: Checking if box 'ubuntu/trusty64' is up to date...
==> default: Setting the name of the VM: Vagrantfile_default_1494586448204_29747
==> default: Clearing any previously set forwarded ports...
==> default: Clearing any previously set network interfaces...
==> default: Preparing network interfaces based on configuration...
    default: Adapter 1: nat
==> default: Forwarding ports...
    default: 27017 (guest) => 27017 (host) (adapter 1)
    default: 8080 (guest) => 8080 (host) (adapter 1)
    default: 7077 (guest) => 7077 (host) (adapter 1)
    default: 22 (guest) => 2222 (host) (adapter 1)
==> default: Running 'pre-boot' VM customizations...
==> default: Booting VM...
==> default: Waiting for machine to boot. This may take a few minutes...
    default: SSH address: 127.0.0.1:2222
    default: SSH username: vagrant
    default: SSH auth method: private key
    default: Warning: Remote connection disconnect. Retrying...
    default:
    default: Vagrant insecure key detected. Vagrant will automatically replace
    default: this with a newly generated keypair for better security.
    default:
    default: Inserting generated public key within guest...
    default: Removing insecure key from the guest if it's present...
    default: Key inserted! Disconnecting and reconnecting using new SSH key...
==> default: Machine booted and ready!
==> default: Checking for guest additions in VM...
    default: The guest additions on this VM do not match the installed version of
    default: VirtualBox! In most cases this is fine, but in rare cases it can
    default: prevent things such as shared folders from working properly. If you see
    default: shared folder errors, please make sure the guest additions within the
    default: virtual machine match the version of VirtualBox you have installed on
    default: your host and reload your VM.
    default:
    default: Guest Additions Version: 4.3.36
    default: VirtualBox Version: 5.1
==> default: Mounting shared folders...
    default: /vagrant => E:/Working/Ubuntu/Ubuntu-14-64-Bit/Vagrantfile
==> default: Running provisioner: shell...
    default: Running: inline script
==> default: I am provisioning...
==> default: Ign http://archive.ubuntu.com trusty InRelease
==> default: Get:1 http://security.ubuntu.com trusty-security InRelease [65.9 kB]
==> default: Get:2 http://archive.ubuntu.com trusty-updates InRelease [65.9 kB]
==> default: Get:3 http://security.ubuntu.com trusty-security/main Sources [130 kB]
==> default: Get:4 http://security.ubuntu.com trusty-security/universe Sources [52.5 kB]
==> default: Hit http://archive.ubuntu.com trusty-backports InRelease
==> default: Get:5 http://security.ubuntu.com trusty-security/main amd64 Packages [611 kB]
==> default: Hit http://archive.ubuntu.com trusty Release.gpg
==> default: Get:6 http://archive.ubuntu.com trusty-updates/main Sources [398 kB]
==> default: Get:7 http://security.ubuntu.com trusty-security/universe amd64 Packages [157 kB]
==> default: Get:8 http://security.ubuntu.com trusty-security/main Translation-en [334 kB]
==> default: Get:9 http://security.ubuntu.com trusty-security/universe Translation-en [91.4 kB]
==> default: Get:10 http://archive.ubuntu.com trusty-updates/restricted Sources [6,327 B]
==> default: Get:11 http://archive.ubuntu.com trusty-updates/universe Sources [178 kB]
==> default: Get:12 http://archive.ubuntu.com trusty-updates/multiverse Sources [7,767 B]
==> default: Get:13 http://archive.ubuntu.com trusty-updates/main amd64 Packages [978 kB]
==> default: Get:14 http://archive.ubuntu.com trusty-updates/restricted amd64 Packages [17.1 kB]
==> default: Get:15 http://archive.ubuntu.com trusty-updates/universe amd64 Packages [405 kB]
==> default: Get:16 http://archive.ubuntu.com trusty-updates/multiverse amd64 Packages [14.3 kB]
==> default: Get:17 http://archive.ubuntu.com trusty-updates/main Translation-en [484 kB]
==> default: Get:18 http://archive.ubuntu.com trusty-updates/multiverse Translation-en [7,430 B]
==> default: Get:19 http://archive.ubuntu.com trusty-updates/restricted Translation-en [3,975 B]
==> default: Get:20 http://archive.ubuntu.com trusty-updates/universe Translation-en [215 kB]
==> default: Get:21 http://archive.ubuntu.com trusty-backports/main Sources [9,712 B]
==> default: Get:22 http://archive.ubuntu.com trusty-backports/restricted Sources [28 B]
==> default: Get:23 http://archive.ubuntu.com trusty-backports/universe Sources [35.3 kB]
==> default: Get:24 http://archive.ubuntu.com trusty-backports/multiverse Sources [1,898 B]
==> default: Hit http://archive.ubuntu.com trusty-backports/main amd64 Packages
==> default: Hit http://archive.ubuntu.com trusty-backports/restricted amd64 Packages
==> default: Hit http://archive.ubuntu.com trusty-backports/universe amd64 Packages
==> default: Hit http://archive.ubuntu.com trusty-backports/multiverse amd64 Packages
==> default: Hit http://archive.ubuntu.com trusty-backports/main Translation-en
==> default: Hit http://archive.ubuntu.com trusty-backports/multiverse Translation-en
==> default: Hit http://archive.ubuntu.com trusty-backports/restricted Translation-en
==> default: Hit http://archive.ubuntu.com trusty-backports/universe Translation-en
==> default: Hit http://archive.ubuntu.com trusty Release
==> default: Get:25 http://archive.ubuntu.com trusty/main Sources [1,064 kB]
==> default: Get:26 http://archive.ubuntu.com trusty/restricted Sources [5,433 B]
==> default: Get:27 http://archive.ubuntu.com trusty/universe Sources [6,399 kB]
==> default: Get:28 http://archive.ubuntu.com trusty/universe Sources [6,399 kB]
==> default: Get:29 http://archive.ubuntu.com trusty/multiverse Sources [174 kB]
==> default: Hit http://archive.ubuntu.com trusty/main amd64 Packages
==> default: Hit http://archive.ubuntu.com trusty/restricted amd64 Packages
==> default: Hit http://archive.ubuntu.com trusty/universe amd64 Packages
==> default: Hit http://archive.ubuntu.com trusty/multiverse amd64 Packages
==> default: Hit http://archive.ubuntu.com trusty/main Translation-en
==> default: Hit http://archive.ubuntu.com trusty/multiverse Translation-en
==> default: Hit http://archive.ubuntu.com trusty/restricted Translation-en
==> default: Hit http://archive.ubuntu.com trusty/universe Translation-en
==> default: Ign http://archive.ubuntu.com trusty/main Translation-en_US
==> default: Ign http://archive.ubuntu.com trusty/multiverse Translation-en_US
==> default: Ign http://archive.ubuntu.com trusty/restricted Translation-en_US
==> default: Ign http://archive.ubuntu.com trusty/universe Translation-en_US
==> default: Fetched 6,765 kB in 10min 29s (10.7 kB/s)
==> default: Reading package lists...
==> default: Executing: gpg --ignore-time-conflict --no-options --no-default-keyring --homedir /tmp/tmp.JTE7KwsDSc --no-auto-check-trustdb --trust-model always --keyring /etc/apt/trusted.gpg --primary-keyring /etc/apt/trusted.gpg --keyserver hkp://keyserver.ubuntu.com:80 --recv EA312927
==> default: gpg:
==> default: requesting key EA312927 from hkp server keyserver.ubuntu.com
==> default: gpg:
==> default: key EA312927: public key "MongoDB 3.2 Release Signing Key <packaging@mongodb.com>" imported
==> default: gpg:
==> default: Total number processed: 1
==> default: gpg:
==> default:               imported: 1
==> default:   (RSA: 1)
==> default: Ign http://archive.ubuntu.com trusty InRelease
==> default: Get:1 http://archive.ubuntu.com trusty-updates InRelease [65.9 kB]
==> default: Get:2 http://security.ubuntu.com trusty-security InRelease [65.9 kB]
==> default: Hit http://archive.ubuntu.com trusty-backports InRelease
==> default: Hit http://archive.ubuntu.com trusty Release.gpg
==> default: Get:3 http://archive.ubuntu.com trusty-updates/main Sources [398 kB]
==> default: Get:4 http://archive.ubuntu.com trusty-updates/restricted Sources [6,327 B]
==> default: Get:5 http://archive.ubuntu.com trusty-updates/universe Sources [178 kB]
==> default: Get:6 http://archive.ubuntu.com trusty-updates/multiverse Sources [7,767 B]
==> default: Get:7 http://archive.ubuntu.com trusty-updates/main amd64 Packages [978 kB]
==> default: Get:8 http://archive.ubuntu.com trusty-updates/restricted amd64 Packages [17.1 kB]
==> default: Get:9 http://archive.ubuntu.com trusty-updates/universe amd64 Packages [405 kB]
==> default: Get:10 http://archive.ubuntu.com trusty-updates/multiverse amd64 Packages [14.3 kB]
==> default: Get:11 http://archive.ubuntu.com trusty-updates/main Translation-en [484 kB]
==> default: Get:12 http://security.ubuntu.com trusty-security/main Sources [130 kB]
==> default: Get:13 http://security.ubuntu.com trusty-security/universe Sources [52.5 kB]
==> default: Get:14 http://security.ubuntu.com trusty-security/main amd64 Packages [611 kB]
==> default: Get:15 http://archive.ubuntu.com trusty-updates/multiverse Translation-en [7,430 B]
==> default: Get:16 http://archive.ubuntu.com trusty-updates/restricted Translation-en [3,975 B]
==> default: Get:17 http://archive.ubuntu.com trusty-updates/universe Translation-en [215 kB]
==> default: Hit http://archive.ubuntu.com trusty-backports/main Sources
==> default: Hit http://archive.ubuntu.com trusty-backports/restricted Sources
==> default: Hit http://archive.ubuntu.com trusty-backports/universe Sources
==> default: Hit http://archive.ubuntu.com trusty-backports/multiverse Sources
==> default: Hit http://archive.ubuntu.com trusty-backports/main amd64 Packages
==> default: Hit http://archive.ubuntu.com trusty-backports/restricted amd64 Packages
==> default: Hit http://archive.ubuntu.com trusty-backports/universe amd64 Packages
==> default: Hit http://archive.ubuntu.com trusty-backports/multiverse amd64 Packages
==> default: Hit http://archive.ubuntu.com trusty-backports/main Translation-en
==> default: Hit http://archive.ubuntu.com trusty-backports/multiverse Translation-en
==> default: Hit http://archive.ubuntu.com trusty-backports/restricted Translation-en
==> default: Hit http://archive.ubuntu.com trusty-backports/universe Translation-en
==> default: Hit http://archive.ubuntu.com trusty Release
==> default: Hit http://archive.ubuntu.com trusty/main Sources
==> default: Hit http://archive.ubuntu.com trusty/restricted Sources
==> default: Hit http://archive.ubuntu.com trusty/universe Sources
==> default: Get:18 http://security.ubuntu.com trusty-security/universe amd64 Packages [157 kB]
==> default: Hit http://archive.ubuntu.com trusty/multiverse Sources
==> default: Hit http://archive.ubuntu.com trusty/main amd64 Packages
==> default: Hit http://archive.ubuntu.com trusty/restricted amd64 Packages
==> default: Hit http://archive.ubuntu.com trusty/universe amd64 Packages
==> default: Hit http://security.ubuntu.com trusty-security/main Translation-en
==> default: Hit http://security.ubuntu.com trusty-security/universe Translation-en
==> default: Hit http://archive.ubuntu.com trusty/multiverse amd64 Packages
==> default: Hit http://archive.ubuntu.com trusty/main Translation-en
==> default: Hit http://archive.ubuntu.com trusty/multiverse Translation-en
==> default: Hit http://archive.ubuntu.com trusty/restricted Translation-en
==> default: Hit http://archive.ubuntu.com trusty/universe Translation-en
==> default: Ign http://archive.ubuntu.com trusty/main Translation-en_US
==> default: Ign http://archive.ubuntu.com trusty/multiverse Translation-en_US
==> default: Ign http://archive.ubuntu.com trusty/restricted Translation-en_US
==> default: Ign http://archive.ubuntu.com trusty/universe Translation-en_US
==> default: Fetched 3,798 kB in 1min 2s (60.9 kB/s)
==> default: Reading package lists...

Aspire@Acer MINGW64 /e/Working/Ubuntu/Ubuntu-14-64-Bit/Vagrantfile
$ vagrant status
Current machine states:

default                   running (virtualbox)

The VM is running. To stop this VM, you can run `vagrant halt` to
shut it down forcefully, or you can run `vagrant suspend` to simply
suspend the virtual machine. In either case, to restart it again,
simply run `vagrant up`.

Aspire@Acer MINGW64 /e/Working/Ubuntu/Ubuntu-14-64-Bit/Vagrantfile
$ vagrant ssh
Welcome to Ubuntu 14.04.5 LTS (GNU/Linux 3.13.0-117-generic x86_64)

 * Documentation:  https://help.ubuntu.com/

 System information disabled due to load higher than 1.0

  Get cloud support with Ubuntu Advantage Cloud Guest:
    http://www.ubuntu.com/business/services/cloud

2 packages can be updated.
0 updates are security updates.

New release '16.04.2 LTS' available.
Run 'do-release-upgrade' to upgrade to it.


vagrant@vagrant-ubuntu-trusty-64:~$ ls
vagrant@vagrant-ubuntu-trusty-64:~$ ls ~
vagrant@vagrant-ubuntu-trusty-64:~$ ls /
bin  boot  dev  etc  home  initrd.img  lib  lib64  lost+found  media  mnt  opt  proc  root  run  sbin  srv  sys  tmp  usr  vagrant  var  vmlinuz
vagrant@vagrant-ubuntu-trusty-64:~$ ls /etc
acpi                    chef            environment       init.d           login.defs      opt                      rc0.d             services     updatedb.conf
adduser.conf            cloud           fonts             initramfs-tools  logrotate.conf  os-release               rc1.d             sgml         update-manager
adjtime                 colord.conf     fstab             inputrc          logrotate.d     overlayroot.conf         rc2.d             shadow       update-motd.d
alternatives            console-setup   fstab.d           insserv          lsb-release     overlayroot.local.conf   rc3.d             shadow-      update-notifier
apm                     cron.d          fuse.conf         insserv.conf     ltrace.conf     pam.conf                 rc4.d             shells       upstart-xsessions
apparmor                cron.daily      gai.conf          insserv.conf.d   magic           pam.d                    rc5.d             skel         vagrant_provisioned_at
apparmor.d              cron.hourly     groff             iproute2         magic.mime      passwd                   rc6.d             ssh          vim
apport                  cron.monthly    group             issue            mailcap         passwd-                  rc.local          ssl          vmware-tools
apt                     crontab         group-            issue.net        mailcap.order   perl                     rcS.d             subgid       vtrgb
at.deny                 cron.weekly     grub.d            kbd              manpath.config  pm                       request-key.conf  subgid-      w3m
at-spi2                 crypttab        gshadow           kernel           mime.types      polkit-1                 request-key.d     subuid       wgetrc
bash.bashrc             dbus-1          gshadow-          kernel-img.conf  mke2fs.conf     pollinate                resolvconf        subuid-      X11
bash_completion         debconf.conf    gssapi_mech.conf  landscape        modprobe.d      popularity-contest.conf  resolv.conf       sudoers      xdg
bash_completion.d       debian_version  gtk-3.0           ldap             modules         ppp                      rmt               sudoers.d    xml
bindresvport.blacklist  default         hdparm.conf       ld.so.cache      mtab            profile                  rpc               sysctl.conf  zsh_command_not_found
blkid.conf              deluser.conf    host.conf         ld.so.conf       nanorc          profile.d                rsyslog.conf      sysctl.d
blkid.tab               depmod.d        hostname          ld.so.conf.d     netconfig       protocols                rsyslog.d         systemd
byobu                   dhcp            hosts             legal            network         puppet                   sane.d            terminfo
ca-certificates         dkms            hosts.allow       libaudit.conf    networks        python                   screenrc          timezone
ca-certificates.conf    dpkg            hosts.deny        locale.alias     newt            python2.7                securetty         ucf.conf
calendar                drirc           idmapd.conf       localtime        nologin         python3                  security          udev
chatscripts             ec2_version     init              logcheck         nsswitch.conf   python3.4                selinux           ufw
vagrant@vagrant-ubuntu-trusty-64:~$ exit
logout
Connection to 127.0.0.1 closed.

Aspire@Acer MINGW64 /e/Working/Ubuntu/Ubuntu-14-64-Bit/Vagrantfile
$ exit
